CREATE TABLE analyzers_test (
  arabic     arabic,
  armenian   armenian,
  basque     basque,
  brazilian  brazilian,
  bulgarian  bulgarian,
  catalan    catalan,
  chinese    chinese,
  cjk        cjk,
  czech      czech,
  danish     danish,
  dutch      dutch,
  english    english,
  finnish    finnish,
  french     french,
  galician   galician,
  german     german,
  greek      greek,
  hindi      hindi,
  hungarian  hungarian,
  indonesian indonesian,
  irish      irish,
  italian    italian,
  latvian    latvian,
  norwegian  norwegian,
  persian    persian,
  portuguese portuguese,
  romanian   romanian,
  russian    russian,
  sorani     sorani,
  spanish    spanish,
  swedish    swedish,
  turkish    turkish,
  thai       thai,
  fulltext_with_shingles fulltext_with_shingles
);
INSERT INTO analyzers_test VALUES (
  'هذا اختبار'
  , 'սա փորձություն է'
  , 'hau froga bat da'
  , 'esto es un exámen' -- brazilian
  , 'това е тест'
  , 'Això és un examen'
  , '这是一个测试'
  , 'これはテストです' -- cjk (japanese)
  , 'toto je test'
  , 'dette er en test'
  , 'dit is een test'
  , 'this is a test' -- english
  , 'Tämä on koe'
  , 'c''est un test'
  , 'este é unha proba de'
  , 'das ist ein Test' -- german
  , 'αυτό είναι ένα τεστ'
  , 'यह एक परीक्षण है' -- hindi
  , 'ez egy teszt'
  , 'ini adalah sebuah ujian'
  , 'tá sé seo le tástáil'
  , 'questa è una prova'
  , 'Šis ir tests' -- latvian
  , 'dette er en test' -- norwegian
  , 'این یک امتحان است' -- persian
  , 'isso é um teste'
  , 'acesta este un test'
  , 'Это тест' -- russian
  , 'this IS a test' -- sorani: couldn't find translation
  , 'esto es un exámen'
  , 'detta är ett prov'
  , 'bu bir test' -- turkish
  , 'นี่คือการทดสอบ'
  , 'this is a test' -- fulltext_with_shingles
  );
CREATE INDEX idxanalyzers_test ON analyzers_test USING zombodb (zdb('analyzers_test', ctid), zdb(analyzers_test)) WITH (url='http://localhost:9200/');
WARNING:  No primary key detected for public.analyzers_test, continuing anyway
SELECT
  attname,
  (SELECT zdb('analyzers_test', ctid) ==> (attname || ':test') :: TEXT
   FROM analyzers_test) found
FROM pg_attribute
WHERE attrelid = 'analyzers_test' :: REGCLASS AND attnum >= 1
ORDER BY attnum;
        attname         | found 
------------------------+-------
 arabic                 | f
 armenian               | f
 basque                 | f
 brazilian              | f
 bulgarian              | f
 catalan                | f
 chinese                | f
 cjk                    | f
 czech                  | t
 danish                 | t
 dutch                  | t
 english                | t
 finnish                | f
 french                 | t
 galician               | f
 german                 | t
 greek                  | f
 hindi                  | f
 hungarian              | f
 indonesian             | f
 irish                  | f
 italian                | f
 latvian                | t
 norwegian              | t
 persian                | f
 portuguese             | t
 romanian               | t
 russian                | f
 sorani                 | t
 spanish                | f
 swedish                | f
 turkish                | t
 thai                   | f
 fulltext_with_shingles | t
(34 rows)

SELECT zdb_analyze_text('idxanalyzers_test', attname, (SELECT row_to_json(analyzers_test) ->> attname FROM analyzers_test))
FROM pg_attribute
WHERE attrelid = 'analyzers_test' :: REGCLASS AND attnum >= 1
        AND attname <> 'persian' /* difference in output between OS X and Linux -- easier to just ignore it */
ORDER BY attnum;
       zdb_analyze_text       
------------------------------
 (اختبار,4,10,<ALPHANUM>,1)
 (սա,0,2,<ALPHANUM>,0)
 (փորձությ,3,14,<ALPHANUM>,1)
 (fro,4,9,<ALPHANUM>,1)
 (est,0,4,<ALPHANUM>,0)
 (es,5,7,<ALPHANUM>,1)
 (un,8,10,<ALPHANUM>,2)
 (examen,11,17,<ALPHANUM>,3)
 (тест,7,11,<ALPHANUM>,2)
 (ex,11,17,<ALPHANUM>,3)
 (这,0,1,<IDEOGRAPHIC>,0)
 (是,1,2,<IDEOGRAPHIC>,1)
 (一,2,3,<IDEOGRAPHIC>,2)
 (个,3,4,<IDEOGRAPHIC>,3)
 (测,4,5,<IDEOGRAPHIC>,4)
 (试,5,6,<IDEOGRAPHIC>,5)
 (これ,0,2,<DOUBLE>,0)
 (れは,1,3,<DOUBLE>,1)
 (はテ,2,4,<DOUBLE>,2)
 (テス,3,5,<DOUBLE>,3)
 (スト,4,6,<DOUBLE>,4)
 (トで,5,7,<DOUBLE>,5)
 (です,6,8,<DOUBLE>,6)
 (tot,0,4,<ALPHANUM>,0)
 (test,8,12,<ALPHANUM>,2)
 (test,12,16,<ALPHANUM>,3)
 (test,11,15,<ALPHANUM>,3)
 (test,10,14,<ALPHANUM>,3)
 (koe,8,11,<ALPHANUM>,2)
 (test,9,13,<ALPHANUM>,2)
 (prob,12,17,<ALPHANUM>,3)
 (test,12,16,<ALPHANUM>,3)
 (ενα,11,14,<ALPHANUM>,2)
 (τεστ,15,19,<ALPHANUM>,3)
 (परिकषण,6,13,<ALPHANUM>,2)
 (tesz,7,12,<ALPHANUM>,2)
 (uji,18,23,<ALPHANUM>,3)
 (tá,0,2,<ALPHANUM>,0)
 (seo,6,9,<ALPHANUM>,2)
 (tást,13,20,<ALPHANUM>,4)
 (prova,13,18,<ALPHANUM>,3)
 (šis,0,3,<ALPHANUM>,0)
 (test,7,12,<ALPHANUM>,2)
 (test,12,16,<ALPHANUM>,3)
 (é,5,6,<ALPHANUM>,1)
 (test,10,15,<ALPHANUM>,3)
 (test,15,19,<ALPHANUM>,3)
 (эт,0,3,<ALPHANUM>,0)
 (тест,4,8,<ALPHANUM>,1)
 (this,0,4,<ALPHANUM>,0)
 (is,5,7,<ALPHANUM>,1)
 (a,8,9,<ALPHANUM>,2)
 (test,10,14,<ALPHANUM>,3)
 (examen,11,17,<ALPHANUM>,3)
 (prov,13,17,<ALPHANUM>,3)
 (test,7,11,<ALPHANUM>,2)
 (นี่,0,3,word,0)
 (ทดสอบ,9,14,word,3)
 (this,0,4,<ALPHANUM>,0)
 (this$is,0,7,shingle,0)
 (is,5,7,<ALPHANUM>,1)
 (is$a,5,9,shingle,1)
 (a,8,9,<ALPHANUM>,2)
 (a$test,8,14,shingle,2)
 (test,10,14,<ALPHANUM>,3)
(65 rows)

SELECT
  attname,
  q
FROM analyzers_test, (SELECT
                        attname,
                        (attname || ':' || ((SELECT row_to_json(analyzers_test)
                                             FROM analyzers_test) -> attname)) :: TEXT q
                      FROM pg_attribute
                      WHERE attrelid = 'analyzers_test' :: REGCLASS AND attnum >= 1) x
WHERE zdb('analyzers_test', ctid) ==> q
ORDER BY attname;
        attname         |                    q                    
------------------------+-----------------------------------------
 arabic                 | arabic:"هذا اختبار"
 armenian               | armenian:"սա փորձություն է"
 basque                 | basque:"hau froga bat da"
 brazilian              | brazilian:"esto es un exámen"
 bulgarian              | bulgarian:"това е тест"
 catalan                | catalan:"Això és un examen"
 chinese                | chinese:"这是一个测试"
 cjk                    | cjk:"これはテストです"
 czech                  | czech:"toto je test"
 danish                 | danish:"dette er en test"
 dutch                  | dutch:"dit is een test"
 english                | english:"this is a test"
 finnish                | finnish:"Tämä on koe"
 french                 | french:"c'est un test"
 fulltext_with_shingles | fulltext_with_shingles:"this is a test"
 galician               | galician:"este é unha proba de"
 german                 | german:"das ist ein Test"
 greek                  | greek:"αυτό είναι ένα τεστ"
 hindi                  | hindi:"यह एक परीक्षण है"
 hungarian              | hungarian:"ez egy teszt"
 indonesian             | indonesian:"ini adalah sebuah ujian"
 irish                  | irish:"tá sé seo le tástáil"
 italian                | italian:"questa è una prova"
 latvian                | latvian:"Šis ir tests"
 norwegian              | norwegian:"dette er en test"
 persian                | persian:"این یک امتحان است"
 portuguese             | portuguese:"isso é um teste"
 romanian               | romanian:"acesta este un test"
 russian                | russian:"Это тест"
 sorani                 | sorani:"this IS a test"
 spanish                | spanish:"esto es un exámen"
 swedish                | swedish:"detta är ett prov"
 thai                   | thai:"นี่คือการทดสอบ"
 turkish                | turkish:"bu bir test"
(34 rows)

DROP TABLE analyzers_test;
