BEGIN;
CREATE TABLE issue_50 (
   id serial8 NOT NULL PRIMARY KEY,
   field1 uuid,
   field2 uuid[]
);
INSERT INTO issue_50 VALUES (default,
                             'a0eebc99-9c0b-4ef8-bb6d-6bb9bd380a11',
                             ARRAY['a0eebc99-9c0b-4ef8-bb6d-6bb9bd380a11', 'a0eebc99-9c0b-4ef8-bb6d-6bb9bd380a12']::uuid[]);
CREATE INDEX idxissue_50 ON issue_50 USING zombodb (zdb('issue_50', ctid), zdb(issue_50)) WITH (url='http://localhost:9200/');
SELECT * FROM issue_50 WHERE zdb('issue_50', ctid) ==> 'field1:"a0eebc99-9c0b-4ef8-bb6d-6bb9bd380a11"';
 id |                field1                |                                   field2                                    
----+--------------------------------------+-----------------------------------------------------------------------------
  1 | a0eebc99-9c0b-4ef8-bb6d-6bb9bd380a11 | {a0eebc99-9c0b-4ef8-bb6d-6bb9bd380a11,a0eebc99-9c0b-4ef8-bb6d-6bb9bd380a12}
(1 row)

SELECT * FROM issue_50 WHERE zdb('issue_50', ctid) ==> 'field2:"a0eebc99-9c0b-4ef8-bb6d-6bb9bd380a11"';
 id |                field1                |                                   field2                                    
----+--------------------------------------+-----------------------------------------------------------------------------
  1 | a0eebc99-9c0b-4ef8-bb6d-6bb9bd380a11 | {a0eebc99-9c0b-4ef8-bb6d-6bb9bd380a11,a0eebc99-9c0b-4ef8-bb6d-6bb9bd380a12}
(1 row)

SELECT * FROM issue_50 WHERE zdb('issue_50', ctid) ==> 'field2:"a0eebc99-9c0b-4ef8-bb6d-6bb9bd380a12"';
 id |                field1                |                                   field2                                    
----+--------------------------------------+-----------------------------------------------------------------------------
  1 | a0eebc99-9c0b-4ef8-bb6d-6bb9bd380a11 | {a0eebc99-9c0b-4ef8-bb6d-6bb9bd380a11,a0eebc99-9c0b-4ef8-bb6d-6bb9bd380a12}
(1 row)

ROLLBACK;   /* no need to save this table */
