--
-- should return just id=2,3,4
--
SELECT id FROM products WHERE zdb('products', ctid) ==> 'id<>1';
 id 
----
  2
  3
  4
(3 rows)

SELECT id FROM products WHERE zdb('products', ctid) ==> 'id<>[1]';
 id 
----
  2
  3
  4
(3 rows)

SELECT id FROM products WHERE zdb('products', ctid) ==> 'id<>[[1]]';
 id 
----
  2
  3
  4
(3 rows)

--
-- should return all 4 rows
--
SELECT id FROM products WHERE id <> 1 OR id <> 2 OR id <> 3 ORDER BY id;
 id 
----
  1
  2
  3
  4
(4 rows)

SELECT id FROM products WHERE zdb('products', ctid) ==> 'id<>1 OR id<>2 OR id <> 3' ORDER BY id;
 id 
----
  1
  2
  3
  4
(4 rows)

--
-- should return just id=4
--
SELECT id FROM products WHERE id <> 1 AND id <> 2 AND id <> 3;
 id 
----
  4
(1 row)

SELECT id FROM products WHERE zdb('products', ctid) ==> 'id<>1 AND id<>2 AND id <>3';
 id 
----
  4
(1 row)

SELECT id FROM products WHERE zdb('products', ctid) ==> 'id<>[1,2,3]';
 id 
----
  4
(1 row)

SELECT id FROM products WHERE zdb('products', ctid) ==> 'id<>[[1,2,3]]';
 id 
----
  4
(1 row)

