CREATE TABLE a (
  a_id SERIAL8 PRIMARY KEY
);
CREATE TABLE b (
  b_id SERIAL8 PRIMARY KEY
);
CREATE INDEX idxa on a USING zombodb(zdb('a', ctid), zdb(a)) WITH (url='http://localhost:9200/', options='a_id=<b.idxb>b_id');
CREATE INDEX idxb ON b USING zombodb(zdb('b', ctid), zdb(b)) WITH (url='http://localhost:9200/');
SELECT * FROM zdb_arbitrary_aggregate('a', $$ #tally(a_id, '^.*', 100, 'term', #tally(b_id, '^.*', 100, 'term')) $$, '');
ERROR:  rc=500; {"error":{"root_cause":[{"type":"query_rewrite_exception","reason":"Nested aggregates in separate indexes are not supported"}],"type":"query_rewrite_exception","reason":"Nested aggregates in separate indexes are not supported"},"status":500}
CONTEXT:  SQL function "zdb_arbitrary_aggregate" statement 1
DROP TABLE a;
DROP TABLE b;
