SELECT term
FROM zdb_suggest_terms('so_posts', 'body', 'beer', '', 5000)
LIMIT 9;
 term  
-------
 beer
 been
 bear
 beef
 beers
 beep
 bees
 beter
 beed
(9 rows)

