SELECT * FROM zdb_range_agg('so_posts', 'closed_date', '[ {"from":"2010-12-01T00:00:00-04"}, {"key":"foo", "from":"2010-01-01T00:00:00-04", "to":"2012-12-31T00:00:00-04"}, {"to":"2010-12-14T00:00:00-04"} ]', '') ORDER BY doc_count DESC;
            key             |      low      |     high      | doc_count 
----------------------------+---------------+---------------+-----------
 2010-12-01T04:00:00.000Z-* | 1291176000000 |               |      8862
 foo                        | 1262318400000 | 1356926400000 |      2504
 *-2010-12-14T04:00:00.000Z |               | 1292299200000 |        14
(3 rows)

