----------
-- DATA --
----------
-- _meta --
SELECT zdb_get_index_mapping('so_posts')->'mappings'->'data'->'_meta'->>'primary_key' = 'id';
 ?column? 
----------
 t
(1 row)

-- _all --
SELECT zdb_get_index_mapping('so_posts')->'mappings'->'data'->'_all'->>'analyzer' = 'phrase';
 ?column? 
----------
 t
(1 row)

-- _source --
SELECT zdb_get_index_mapping('so_posts')->'mappings'->'data'->'_source'->>'enabled' = 'false';
 ?column? 
----------
 t
(1 row)

