--
-- PostgreSQL database dump
--
SET statement_timeout = 0;
SET lock_timeout = 0;
SET client_encoding = 'UTF8';
SET standard_conforming_strings = on;
SET check_function_bodies = false;
SET client_min_messages = warning;
CREATE TABLE so_comments (
    creation_date timestamp with time zone,
    id bigint NOT NULL,
    post_id bigint,
    score integer,
    comment_text text,
    user_display_name character varying(512),
    user_id bigint
);
--
-- Data for Name: so_comments; Type: TABLE DATA; Schema: public; Owner: e_ridge
--
COPY so_comments (creation_date, id, post_id, score, comment_text, user_display_name, user_id) FROM stdin;
ALTER TABLE ONLY so_comments
    ADD CONSTRAINT so_comments_pkey PRIMARY KEY (id);
