SELECT assert(count(*), 169, 'syntax-term_not_term') FROM so_posts WHERE zdb(so_posts) ==> 'beer not food';
 assert 
--------
 t
(1 row)

