CREATE TABLE products (
  id SERIAL8 NOT NULL PRIMARY KEY,
  name text NOT NULL,
  keywords varchar(64)[],
  short_summary phrase,
  long_description fulltext,
  price bigint,
  inventory_count integer,
  discontinued boolean default false,
  availability_date date
);
COPY products FROM stdin;
