SELECT *
FROM zdb_arbitrary_aggregate('so_posts',
                             '#tally(tags, ''^.*'', 25, ''term'', #tally(owner_display_name, ''^.*'', 150, ''term''))',
                             '');
                                                                                                                                                                                                                                                                                                                                                                                                                                                                                                                                                                                                                                                                                                                                                                                                                                                                                                                                                                                                                                                                                                                                                                                                                                                                                                                                                                                                                                                                                                                                                                                                                                                                                                                                                                                                                                                                                                                                                                                                                                                                                                                                                                                                                                                                                                                                                                                                                                                                                                                                                                                                                                                             zdb_arbitrary_aggregate                                                                                                                                                                                                                                                                                                                                                                                                                                                                                                                                                                                                                                                                                                                                                                                                                                                                                                                                                                                                                                                                                                                                                                                                                                                                                                                                                                                                                                                                                                                                                                                                                                                                                                                                                                                                                                                                                                                                                                                                                                                                                                                                                                                                                                                                                                                                                                                                                                                                                                                                                                                                                                                             
-------------------------------------------------------------------------------------------------------------------------------------------------------------------------------------------------------------------------------------------------------------------------------------------------------------------------------------------------------------------------------------------------------------------------------------------------------------------------------------------------------------------------------------------------------------------------------------------------------------------------------------------------------------------------------------------------------------------------------------------------------------------------------------------------------------------------------------------------------------------------------------------------------------------------------------------------------------------------------------------------------------------------------------------------------------------------------------------------------------------------------------------------------------------------------------------------------------------------------------------------------------------------------------------------------------------------------------------------------------------------------------------------------------------------------------------------------------------------------------------------------------------------------------------------------------------------------------------------------------------------------------------------------------------------------------------------------------------------------------------------------------------------------------------------------------------------------------------------------------------------------------------------------------------------------------------------------------------------------------------------------------------------------------------------------------------------------------------------------------------------------------------------------------------------------------------------------------------------------------------------------------------------------------------------------------------------------------------------------------------------------------------------------------------------------------------------------------------------------------------------------------------------------------------------------------------------------------------------------------------------------------------------------------------------------------------------------------------------------------------------------------------------------------------------------------------------------------------------------------------------------------------------------------------------------------------------------------------------------------------------------------------------------------------------------------------------------------------------------------------------------------------------------------------------------------------------------------------------------------------------------------------------------------------------------------------------------------------------------------------------------------------------------------------------------------------------------------------------------------------------------------------------------------------------------------------------------------------------------------------------------------------------------------------------------------------------------------------------------------------------------------------------------------------------------------------------------------------------------------------------------------------------------------------------------------------------------------------------------------------------------------------------------------------------------------------------------------------------------------------------------------------------------------------------------------------------------------------------------------------------------------------------------------------------------------------------------------------------------------------------------------------------------------------------------------------------------------------------------------------------------------------------------------------------------------------------------------------------------------------------------------------------------------------------------------------------------------------------------------------------------------------------------------------------------------------------------------------------------------------------------------------------------------------------------------------------------------------------------------------------------------------------------------------------------------------------------------------------------------------------------------------------------------------------------------------------------------------------------------------------------------------------------------------------------------------------------------------------
 {"tags":{"doc_count_error_upper_bound":0,"sum_other_doc_count":122366,"buckets":[{"key":"1","doc_count":2,"owner_display_name":{"doc_count_error_upper_bound":0,"sum_other_doc_count":0,"buckets":[]}},{"key":"11","doc_count":85,"owner_display_name":{"doc_count_error_upper_bound":0,"sum_other_doc_count":0,"buckets":[{"key":"als","doc_count":1},{"key":"anon","doc_count":1},{"key":"felics","doc_count":1},{"key":"freddie chopin","doc_count":1},{"key":"ifreilicht","doc_count":1},{"key":"kian","doc_count":1},{"key":"pongba","doc_count":1},{"key":"robert dailey","doc_count":1},{"key":"ronag","doc_count":1},{"key":"user751747","doc_count":1},{"key":"user91225","doc_count":1}]}},{"key":"1a","doc_count":1,"owner_display_name":{"doc_count_error_upper_bound":0,"sum_other_doc_count":0,"buckets":[]}},{"key":"2.0","doc_count":4,"owner_display_name":{"doc_count_error_upper_bound":0,"sum_other_doc_count":0,"buckets":[]}},{"key":"2008","doc_count":7,"owner_display_name":{"doc_count_error_upper_bound":0,"sum_other_doc_count":0,"buckets":[]}},{"key":"2010","doc_count":78,"owner_display_name":{"doc_count_error_upper_bound":0,"sum_other_doc_count":0,"buckets":[{"key":"eldar","doc_count":1},{"key":"paul","doc_count":1},{"key":"system.data","doc_count":1},{"key":"user19948","doc_count":1},{"key":"user8685","doc_count":1}]}},{"key":"2012","doc_count":16,"owner_display_name":{"doc_count_error_upper_bound":0,"sum_other_doc_count":0,"buckets":[]}},{"key":"3","doc_count":79,"owner_display_name":{"doc_count_error_upper_bound":0,"sum_other_doc_count":0,"buckets":[{"key":"codys-hole","doc_count":1},{"key":"george stocker","doc_count":1},{"key":"giedrius","doc_count":1},{"key":"kryptonite","doc_count":1},{"key":"lud","doc_count":1},{"key":"max","doc_count":1},{"key":"mob1lejunkie","doc_count":1},{"key":"mojtaba","doc_count":1},{"key":"ryanw","doc_count":1},{"key":"sergi papaseit","doc_count":1},{"key":"singleton","doc_count":1},{"key":"terryr","doc_count":1},{"key":"yorch","doc_count":1}]}},{"key":"32","doc_count":8,"owner_display_name":{"doc_count_error_upper_bound":0,"sum_other_doc_count":0,"buckets":[]}},{"key":"3d","doc_count":26,"owner_display_name":{"doc_count_error_upper_bound":0,"sum_other_doc_count":0,"buckets":[{"key":"aman","doc_count":1},{"key":"baring","doc_count":1},{"key":"eonil","doc_count":1}]}},{"key":"3rd","doc_count":5,"owner_display_name":{"doc_count_error_upper_bound":0,"sum_other_doc_count":0,"buckets":[]}},{"key":"4","doc_count":52,"owner_display_name":{"doc_count_error_upper_bound":0,"sum_other_doc_count":0,"buckets":[{"key":"jrhutch","doc_count":1},{"key":"phil","doc_count":1}]}},{"key":"6","doc_count":17,"owner_display_name":{"doc_count_error_upper_bound":0,"sum_other_doc_count":0,"buckets":[{"key":"aaaidan","doc_count":1},{"key":"brandon moore","doc_count":1},{"key":"hawkeye","doc_count":1}]}},{"key":"64","doc_count":12,"owner_display_name":{"doc_count_error_upper_bound":0,"sum_other_doc_count":0,"buckets":[]}},{"key":"7","doc_count":48,"owner_display_name":{"doc_count_error_upper_bound":0,"sum_other_doc_count":0,"buckets":[{"key":"brian","doc_count":1},{"key":"michael mangold","doc_count":1},{"key":"paweł smejda","doc_count":1},{"key":"pearcewg","doc_count":1},{"key":"praetorian","doc_count":1},{"key":"sebastian","doc_count":1},{"key":"vitalii vasylenko","doc_count":1}]}},{"key":"8","doc_count":59,"owner_display_name":{"doc_count_error_upper_bound":0,"sum_other_doc_count":0,"buckets":[{"key":"lukas","doc_count":1},{"key":"sebastian","doc_count":1},{"key":"shane adrian muaz","doc_count":1}]}},{"key":"a","doc_count":37,"owner_display_name":{"doc_count_error_upper_bound":0,"sum_other_doc_count":0,"buckets":[{"key":"colix","doc_count":1}]}},{"key":"abap","doc_count":3,"owner_display_name":{"doc_count_error_upper_bound":0,"sum_other_doc_count":0,"buckets":[]}},{"key":"abstract","doc_count":40,"owner_display_name":{"doc_count_error_upper_bound":0,"sum_other_doc_count":0,"buckets":[{"key":"martin","doc_count":1},{"key":"palm snow","doc_count":1}]}},{"key":"abstraction","doc_count":108,"owner_display_name":{"doc_count_error_upper_bound":0,"sum_other_doc_count":0,"buckets":[{"key":"jeff","doc_count":1},{"key":"matt spinelli","doc_count":1},{"key":"nishant","doc_count":1}]}},{"key":"acceptance","doc_count":50,"owner_display_name":{"doc_count_error_upper_bound":0,"sum_other_doc_count":0,"buckets":[{"key":"matt spinelli","doc_count":1},{"key":"user2960603","doc_count":1}]}},{"key":"access","doc_count":88,"owner_display_name":{"doc_count_error_upper_bound":0,"sum_other_doc_count":0,"buckets":[{"key":"anon","doc_count":1},{"key":"jon","doc_count":1}]}},{"key":"accessibility","doc_count":12,"owner_display_name":{"doc_count_error_upper_bound":0,"sum_other_doc_count":0,"buckets":[{"key":"user87105","doc_count":1}]}},{"key":"actionscript","doc_count":20,"owner_display_name":{"doc_count_error_upper_bound":0,"sum_other_doc_count":0,"buckets":[{"key":"user22288","doc_count":1}]}},{"key":"active","doc_count":9,"owner_display_name":{"doc_count_error_upper_bound":0,"sum_other_doc_count":0,"buckets":[{"key":"john hoge","doc_count":1}]}}]},"missing":{"doc_count":129680}}
(1 row)

