SELECT * FROM zdb_dump_query('so_posts', 'id:*');
   zdb_dump_query    
---------------------
 {                  +
   "match_all" : { }+
 }
(1 row)

SELECT * FROM zdb_dump_query('so_users', 'beer');
       zdb_dump_query        
-----------------------------
 {                          +
   "bool" : {               +
     "should" : [ {         +
       "term" : {           +
         "about_me" : "beer"+
       }                    +
     }, {                   +
       "term" : {           +
         "_all" : "beer"    +
       }                    +
     } ]                    +
   }                        +
 }
(1 row)

