--
-- PostgreSQL database dump
--
SET statement_timeout = 0;
SET lock_timeout = 0;
SET client_encoding = 'UTF8';
SET standard_conforming_strings = on;
SET check_function_bodies = false;
SET client_min_messages = warning;
--
-- Name: plpgsql; Type: EXTENSION; Schema: -; Owner: 
--
CREATE EXTENSION IF NOT EXISTS plpgsql WITH SCHEMA pg_catalog;
--
-- Name: EXTENSION plpgsql; Type: COMMENT; Schema: -; Owner: 
--
COMMENT ON EXTENSION plpgsql IS 'PL/pgSQL procedural language';
--
-- Name: zombodb; Type: EXTENSION; Schema: -; Owner: 
--
CREATE EXTENSION IF NOT EXISTS zombodb WITH SCHEMA public;
--
-- Name: EXTENSION zombodb; Type: COMMENT; Schema: -; Owner: 
--
COMMENT ON EXTENSION zombodb IS 'Elasticsearch-enabled Index Type for Postgres 9.3';
SET search_path = public, pg_catalog;
SET default_tablespace = '';
SET default_with_oids = false;
CREATE TABLE so_posts (
    accepted_answer_id bigint,
    answer_count integer,
    body fulltext,
    closed_date timestamp with time zone,
    comment_count integer,
    community_owned_date timestamp with time zone,
    creation_date timestamp with time zone,
    favorite_count integer,
    id bigint NOT NULL,
    last_activity_date timestamp with time zone,
    last_editor_date timestamp with time zone,
    last_editor_display_name text,
    last_editor_user_id bigint,
    owner_display_name text,
    owner_user_id bigint,
    parent_id bigint,
    post_type_id bigint,
    score double precision,
    tags phrase,
    title phrase,
    view_count bigint
);
CREATE TABLE so_users (
    about_me fulltext,
    account_id bigint,
    age integer,
    creation_date timestamp with time zone,
    display_name text,
    down_votes integer,
    id bigint NOT NULL,
    last_access_date timestamp with time zone,
    location text,
    profile_image_url phrase,
    reputation integer,
    up_votes integer,
    views bigint,
    website_url phrase
);
CREATE TABLE words (
    word text NOT NULL
);
COPY so_posts (accepted_answer_id, answer_count, body, closed_date, comment_count, community_owned_date, creation_date, favorite_count, id, last_activity_date, last_editor_date, last_editor_display_name, last_editor_user_id, owner_display_name, owner_user_id, parent_id, post_type_id, score, tags, title, view_count) FROM stdin;
COPY so_users (about_me, account_id, age, creation_date, display_name, down_votes, id, last_access_date, location, profile_image_url, reputation, up_votes, views, website_url) FROM stdin;
COPY words (word) FROM stdin;
ALTER TABLE ONLY so_posts
    ADD CONSTRAINT posts_tmp_pkey PRIMARY KEY (id);
ALTER TABLE ONLY so_users
    ADD CONSTRAINT so_users_pkey PRIMARY KEY (id);
ALTER TABLE ONLY words
    ADD CONSTRAINT words_pkey PRIMARY KEY (word);
--
-- PostgreSQL database dump complete
--
