SELECT assert(count(*), 5, 'syntax-term_and_term') FROM so_posts WHERE zdb(so_posts) ==> 'beer and food';
 assert 
--------
 t
(1 row)

