SELECT assert(count(*), 1, 'syntax-term_within_term') FROM so_posts WHERE zdb(so_posts) ==> 'beer w/3 food';
 assert 
--------
 t
(1 row)

