SELECT count(*) FROM words;
 count  
--------
 310546
(1 row)

SELECT count(*) FROM (SELECT words.word, assert(words.word, 1, count(*)::int) FROM words INNER JOIN (SELECT word FROM words ORDER BY random() limit 2500) list ON words.word = list.word WHERE zdb(words) ==> ('word:"' || list.word || '"')::text GROUP BY words.word) x;
 count 
-------
  2500
(1 row)

SELECT zdb_estimate_count('words', '') = (SELECT count(*) FROM words);
 ?column? 
----------
 t
(1 row)

